  game_engine.cpp
C:\Users\USER\source\repos\GenericMinesweeper\GenericMinesweeper\game_engine.cpp(81,33): warning C4244: 'argument': conversion from 'float' to 'unsigned int', possible loss of data
C:\Users\USER\source\repos\GenericMinesweeper\GenericMinesweeper\game_engine.cpp(104,22): warning C4244: 'initializing': conversion from 'float' to 'int', possible loss of data
C:\Users\USER\source\repos\GenericMinesweeper\GenericMinesweeper\game_engine.cpp(227,73): warning C4244: 'argument': conversion from 'T' to 'unsigned int', possible loss of data
C:\Users\USER\source\repos\GenericMinesweeper\GenericMinesweeper\game_engine.cpp(227,73): warning C4244:         with
C:\Users\USER\source\repos\GenericMinesweeper\GenericMinesweeper\game_engine.cpp(227,73): warning C4244:         [
C:\Users\USER\source\repos\GenericMinesweeper\GenericMinesweeper\game_engine.cpp(227,73): warning C4244:             T=float
C:\Users\USER\source\repos\GenericMinesweeper\GenericMinesweeper\game_engine.cpp(227,73): warning C4244:         ]
C:\Users\USER\source\repos\GenericMinesweeper\GenericMinesweeper\game_engine.cpp(285,39): warning C4267: '=': conversion from 'size_t' to 'int', possible loss of data
C:\Users\USER\source\repos\GenericMinesweeper\GenericMinesweeper\game_engine.cpp(307,105): warning C4244: 'argument': conversion from 'double' to 'float', possible loss of data
C:\Users\USER\source\repos\GenericMinesweeper\GenericMinesweeper\game_engine.cpp(307,63): warning C4244: 'argument': conversion from 'double' to 'float', possible loss of data
C:\Users\USER\source\repos\GenericMinesweeper\GenericMinesweeper\game_engine.cpp(312,151): warning C4244: 'argument': conversion from 'double' to 'T', possible loss of data
C:\Users\USER\source\repos\GenericMinesweeper\GenericMinesweeper\game_engine.cpp(312,151): warning C4244:         with
C:\Users\USER\source\repos\GenericMinesweeper\GenericMinesweeper\game_engine.cpp(312,151): warning C4244:         [
C:\Users\USER\source\repos\GenericMinesweeper\GenericMinesweeper\game_engine.cpp(312,151): warning C4244:             T=float
C:\Users\USER\source\repos\GenericMinesweeper\GenericMinesweeper\game_engine.cpp(312,151): warning C4244:         ]
C:\Users\USER\source\repos\GenericMinesweeper\GenericMinesweeper\game_engine.cpp(319,71): warning C4244: 'argument': conversion from 'float' to 'unsigned int', possible loss of data
C:\Users\USER\source\repos\GenericMinesweeper\GenericMinesweeper\game_engine.cpp(325,208): warning C4244: 'argument': conversion from 'double' to 'T', possible loss of data
C:\Users\USER\source\repos\GenericMinesweeper\GenericMinesweeper\game_engine.cpp(325,208): warning C4244:         with
C:\Users\USER\source\repos\GenericMinesweeper\GenericMinesweeper\game_engine.cpp(325,208): warning C4244:         [
C:\Users\USER\source\repos\GenericMinesweeper\GenericMinesweeper\game_engine.cpp(325,208): warning C4244:             T=float
C:\Users\USER\source\repos\GenericMinesweeper\GenericMinesweeper\game_engine.cpp(325,208): warning C4244:         ]
C:\Users\USER\source\repos\GenericMinesweeper\GenericMinesweeper\game_engine.cpp(332,71): warning C4244: 'argument': conversion from 'float' to 'unsigned int', possible loss of data
C:\Users\USER\source\repos\GenericMinesweeper\GenericMinesweeper\game_engine.cpp(338,185): warning C4244: 'argument': conversion from 'double' to 'T', possible loss of data
C:\Users\USER\source\repos\GenericMinesweeper\GenericMinesweeper\game_engine.cpp(338,185): warning C4244:         with
C:\Users\USER\source\repos\GenericMinesweeper\GenericMinesweeper\game_engine.cpp(338,185): warning C4244:         [
C:\Users\USER\source\repos\GenericMinesweeper\GenericMinesweeper\game_engine.cpp(338,185): warning C4244:             T=float
C:\Users\USER\source\repos\GenericMinesweeper\GenericMinesweeper\game_engine.cpp(338,185): warning C4244:         ]
C:\Users\USER\source\repos\GenericMinesweeper\GenericMinesweeper\game_engine.cpp(339,240): warning C4244: 'argument': conversion from 'double' to 'T', possible loss of data
C:\Users\USER\source\repos\GenericMinesweeper\GenericMinesweeper\game_engine.cpp(339,240): warning C4244:         with
C:\Users\USER\source\repos\GenericMinesweeper\GenericMinesweeper\game_engine.cpp(339,240): warning C4244:         [
C:\Users\USER\source\repos\GenericMinesweeper\GenericMinesweeper\game_engine.cpp(339,240): warning C4244:             T=float
C:\Users\USER\source\repos\GenericMinesweeper\GenericMinesweeper\game_engine.cpp(339,240): warning C4244:         ]
C:\Users\USER\source\repos\GenericMinesweeper\GenericMinesweeper\game_engine.cpp(344,69): warning C4244: 'argument': conversion from 'float' to 'unsigned int', possible loss of data
C:\Users\USER\source\repos\GenericMinesweeper\GenericMinesweeper\game_engine.cpp(351,240): warning C4244: 'argument': conversion from 'double' to 'T', possible loss of data
C:\Users\USER\source\repos\GenericMinesweeper\GenericMinesweeper\game_engine.cpp(351,240): warning C4244:         with
C:\Users\USER\source\repos\GenericMinesweeper\GenericMinesweeper\game_engine.cpp(351,240): warning C4244:         [
C:\Users\USER\source\repos\GenericMinesweeper\GenericMinesweeper\game_engine.cpp(351,240): warning C4244:             T=float
C:\Users\USER\source\repos\GenericMinesweeper\GenericMinesweeper\game_engine.cpp(351,240): warning C4244:         ]
C:\Users\USER\source\repos\GenericMinesweeper\GenericMinesweeper\game_engine.cpp(363,87): warning C4244: 'argument': conversion from 'float' to 'unsigned int', possible loss of data
C:\Users\USER\source\repos\GenericMinesweeper\GenericMinesweeper\game_engine.cpp(380,47): warning C4267: '=': conversion from 'size_t' to 'int', possible loss of data
C:\Users\USER\source\repos\GenericMinesweeper\GenericMinesweeper\game_engine.cpp(388,57): warning C4244: 'argument': conversion from '__int64' to 'const _Kty', possible loss of data
C:\Users\USER\source\repos\GenericMinesweeper\GenericMinesweeper\game_engine.cpp(388,57): warning C4244:         with
C:\Users\USER\source\repos\GenericMinesweeper\GenericMinesweeper\game_engine.cpp(388,57): warning C4244:         [
C:\Users\USER\source\repos\GenericMinesweeper\GenericMinesweeper\game_engine.cpp(388,57): warning C4244:             _Kty=int
C:\Users\USER\source\repos\GenericMinesweeper\GenericMinesweeper\game_engine.cpp(388,57): warning C4244:         ]
C:\Users\USER\source\repos\GenericMinesweeper\GenericMinesweeper\game_engine.cpp(402,71): warning C4244: '=': conversion from 'float' to 'long', possible loss of data
C:\Users\USER\source\repos\GenericMinesweeper\GenericMinesweeper\game_engine.cpp(405,60): warning C4244: 'argument': conversion from '__int64' to 'int', possible loss of data
  main.cpp
  resources_list.h
  sprite_manager.cpp
  Generating Code...
  GenericMinesweeper.vcxproj -> C:\Users\USER\source\repos\GenericMinesweeper\x64\Debug\GenericMinesweeper.exe
